C:/Users/32361/Desktop/stm32/STM32CMake/Model_F4/MY_DRIVE/MY_Uart/ZPN_Uart.c:90:13:RingBuffer_Write	16	static
C:/Users/32361/Desktop/stm32/STM32CMake/Model_F4/MY_DRIVE/MY_Uart/ZPN_Uart.c:101:13:RingBuffer_Init	4	static
C:/Users/32361/Desktop/stm32/STM32CMake/Model_F4/MY_DRIVE/MY_Uart/ZPN_Uart.c:108:13:UART1_EchoRing_Init	4	static
C:/Users/32361/Desktop/stm32/STM32CMake/Model_F4/MY_DRIVE/MY_Uart/ZPN_Uart.c:115:13:UART1_EchoRing_Write	16	static
C:/Users/32361/Desktop/stm32/STM32CMake/Model_F4/MY_DRIVE/MY_Uart/ZPN_Uart.c:126:13:RingBuffer_WriteBytes	24	static
C:/Users/32361/Desktop/stm32/STM32CMake/Model_F4/MY_DRIVE/MY_Uart/ZPN_Uart.c:138:13:UART1_EchoRing_WriteBytes	24	static
C:/Users/32361/Desktop/stm32/STM32CMake/Model_F4/MY_DRIVE/MY_Uart/ZPN_Uart.c:150:13:USART1_TxQueue_Init	4	static
C:/Users/32361/Desktop/stm32/STM32CMake/Model_F4/MY_DRIVE/MY_Uart/ZPN_Uart.c:159:13:USART2_TxQueue_Init	4	static
C:/Users/32361/Desktop/stm32/STM32CMake/Model_F4/MY_DRIVE/MY_Uart/ZPN_Uart.c:168:13:USART1_TxQueue_KickLocked	16	static
C:/Users/32361/Desktop/stm32/STM32CMake/Model_F4/MY_DRIVE/MY_Uart/ZPN_Uart.c:202:13:USART2_TxQueue_KickLocked	16	static
C:/Users/32361/Desktop/stm32/STM32CMake/Model_F4/MY_DRIVE/MY_Uart/ZPN_Uart.c:236:13:USART1_TxQueue_OnTxComplete	8	static,ignoring_inline_asm
C:/Users/32361/Desktop/stm32/STM32CMake/Model_F4/MY_DRIVE/MY_Uart/ZPN_Uart.c:254:13:USART2_TxQueue_OnTxComplete	8	static,ignoring_inline_asm
C:/Users/32361/Desktop/stm32/STM32CMake/Model_F4/MY_DRIVE/MY_Uart/ZPN_Uart.c:272:13:USART1_RxStart	8	static
C:/Users/32361/Desktop/stm32/STM32CMake/Model_F4/MY_DRIVE/MY_Uart/ZPN_Uart.c:285:13:USART2_RxStart	8	static
C:/Users/32361/Desktop/stm32/STM32CMake/Model_F4/MY_DRIVE/MY_Uart/ZPN_Uart.c:294:6:UART1_RxEnsureRunning	8	static
C:/Users/32361/Desktop/stm32/STM32CMake/Model_F4/MY_DRIVE/MY_Uart/ZPN_Uart.c:302:5:UART1_TxEnqueue	24	static,ignoring_inline_asm
C:/Users/32361/Desktop/stm32/STM32CMake/Model_F4/MY_DRIVE/MY_Uart/ZPN_Uart.c:343:9:UART1_TxIsIdle	4	static
C:/Users/32361/Desktop/stm32/STM32CMake/Model_F4/MY_DRIVE/MY_Uart/ZPN_Uart.c:348:5:UART2_TxEnqueue	24	static,ignoring_inline_asm
C:/Users/32361/Desktop/stm32/STM32CMake/Model_F4/MY_DRIVE/MY_Uart/ZPN_Uart.c:389:9:UART2_TxIsIdle	4	static
C:/Users/32361/Desktop/stm32/STM32CMake/Model_F4/MY_DRIVE/MY_Uart/ZPN_Uart.c:408:5:UART1_DMAPrintf	24	static
C:/Users/32361/Desktop/stm32/STM32CMake/Model_F4/MY_DRIVE/MY_Uart/ZPN_Uart.c:435:5:UART1_DMASendData	24	static
C:/Users/32361/Desktop/stm32/STM32CMake/Model_F4/MY_DRIVE/MY_Uart/ZPN_Uart.c:448:9:UART1_IsDataReady	4	static
C:/Users/32361/Desktop/stm32/STM32CMake/Model_F4/MY_DRIVE/MY_Uart/ZPN_Uart.c:465:10:UART1_GetReceivedData	24	static,ignoring_inline_asm
C:/Users/32361/Desktop/stm32/STM32CMake/Model_F4/MY_DRIVE/MY_Uart/ZPN_Uart.c:494:5:UART2_SendPrintf	24	static
C:/Users/32361/Desktop/stm32/STM32CMake/Model_F4/MY_DRIVE/MY_Uart/ZPN_Uart.c:517:5:UART2_SendData	24	static
C:/Users/32361/Desktop/stm32/STM32CMake/Model_F4/MY_DRIVE/MY_Uart/ZPN_Uart.c:532:10:UART2_GetRxBufferLength	4	static
C:/Users/32361/Desktop/stm32/STM32CMake/Model_F4/MY_DRIVE/MY_Uart/ZPN_Uart.c:541:10:UART2_GetReceivedData	24	static,ignoring_inline_asm
C:/Users/32361/Desktop/stm32/STM32CMake/Model_F4/MY_DRIVE/MY_Uart/ZPN_Uart.c:602:6:HAL_UART_TxCpltCallback	16	static
C:/Users/32361/Desktop/stm32/STM32CMake/Model_F4/MY_DRIVE/MY_Uart/ZPN_Uart.c:622:6:HAL_UARTEx_RxEventCallback	24	static,ignoring_inline_asm
C:/Users/32361/Desktop/stm32/STM32CMake/Model_F4/MY_DRIVE/MY_Uart/ZPN_Uart.c:661:6:HAL_UART_RxCpltCallback	16	static
C:/Users/32361/Desktop/stm32/STM32CMake/Model_F4/MY_DRIVE/MY_Uart/ZPN_Uart.c:674:6:HAL_UART_ErrorCallback	16	static
C:/Users/32361/Desktop/stm32/STM32CMake/Model_F4/MY_DRIVE/MY_Uart/ZPN_Uart.c:695:6:ZPN_UART_Init	8	static
C:/Users/32361/Desktop/stm32/STM32CMake/Model_F4/MY_DRIVE/MY_Uart/ZPN_Uart.c:714:5:__io_putchar	16	static
