C:/Users/32361/Desktop/stm32/STM32CMake/Model_F4/MY_DRIVE/MY_DDS/ad9959.c:44:6:Init_AD9959	16	static
C:/Users/32361/Desktop/stm32/STM32CMake/Model_F4/MY_DRIVE/MY_DDS/ad9959.c:74:6:delay_9959	16	static
C:/Users/32361/Desktop/stm32/STM32CMake/Model_F4/MY_DRIVE/MY_DDS/ad9959.c:85:6:InitIO_9959	8	static
C:/Users/32361/Desktop/stm32/STM32CMake/Model_F4/MY_DRIVE/MY_DDS/ad9959.c:105:6:InitReset	8	static
C:/Users/32361/Desktop/stm32/STM32CMake/Model_F4/MY_DRIVE/MY_DDS/ad9959.c:118:6:AD9959_IO_Update	8	static
C:/Users/32361/Desktop/stm32/STM32CMake/Model_F4/MY_DRIVE/MY_DDS/ad9959.c:131:6:WriteData_AD9959	24	static
C:/Users/32361/Desktop/stm32/STM32CMake/Model_F4/MY_DRIVE/MY_DDS/ad9959.c:180:6:Write_Frequence	32	static
C:/Users/32361/Desktop/stm32/STM32CMake/Model_F4/MY_DRIVE/MY_DDS/ad9959.c:199:6:Write_Amplitude	24	static
C:/Users/32361/Desktop/stm32/STM32CMake/Model_F4/MY_DRIVE/MY_DDS/ad9959.c:218:6:Write_Phase	24	static
C:/Users/32361/Desktop/stm32/STM32CMake/Model_F4/MY_DRIVE/MY_DDS/ad9959.c:240:6:AD9959_SetChannel	24	static
C:/Users/32361/Desktop/stm32/STM32CMake/Model_F4/MY_DRIVE/MY_DDS/ad9959.c:251:6:Channel_Select	16	static
C:/Users/32361/Desktop/stm32/STM32CMake/Model_F4/MY_DRIVE/MY_DDS/ad9959.c:266:6:AD9959_error	4	static
C:/Users/32361/Desktop/stm32/STM32CMake/Model_F4/MY_DRIVE/MY_DDS/ad9959.c:280:6:Sweep_Frequency	72	static
C:/Users/32361/Desktop/stm32/STM32CMake/Model_F4/MY_DRIVE/MY_DDS/ad9959.c:360:10:Get_Freq	16	static
C:/Users/32361/Desktop/stm32/STM32CMake/Model_F4/MY_DRIVE/MY_DDS/ad9959.c:372:9:Get_Amp	16	static
C:/Users/32361/Desktop/stm32/STM32CMake/Model_F4/MY_DRIVE/MY_DDS/ad9959.c:386:6:ReadData_AD9959	40	static
C:/Users/32361/Desktop/stm32/STM32CMake/Model_F4/MY_DRIVE/MY_DDS/ad9959.c:446:6:Stop_AD9959	16	static
C:/Users/32361/Desktop/stm32/STM32CMake/Model_F4/MY_DRIVE/MY_DDS/ad9959.c:460:6:SET_2FSK	48	static
C:/Users/32361/Desktop/stm32/STM32CMake/Model_F4/MY_DRIVE/MY_DDS/ad9959.c:486:6:SET_2ASK	56	static
C:/Users/32361/Desktop/stm32/STM32CMake/Model_F4/MY_DRIVE/MY_DDS/ad9959.c:517:6:Freq2Word	32	static
C:/Users/32361/Desktop/stm32/STM32CMake/Model_F4/MY_DRIVE/MY_DDS/ad9959.c:533:6:Amp2Word	24	static
C:/Users/32361/Desktop/stm32/STM32CMake/Model_F4/MY_DRIVE/MY_DDS/ad9959.c:548:6:Phase2Word	24	static
