C:/Users/32361/Desktop/stm32/STM32CMake/Model_F4/Core/Src/stm32f4xx_it.c:82:6:NMI_Handler	4	static
C:/Users/32361/Desktop/stm32/STM32CMake/Model_F4/Core/Src/stm32f4xx_it.c:97:6:HardFault_Handler	4	static
C:/Users/32361/Desktop/stm32/STM32CMake/Model_F4/Core/Src/stm32f4xx_it.c:112:6:MemManage_Handler	4	static
C:/Users/32361/Desktop/stm32/STM32CMake/Model_F4/Core/Src/stm32f4xx_it.c:127:6:BusFault_Handler	4	static
C:/Users/32361/Desktop/stm32/STM32CMake/Model_F4/Core/Src/stm32f4xx_it.c:142:6:UsageFault_Handler	4	static
C:/Users/32361/Desktop/stm32/STM32CMake/Model_F4/Core/Src/stm32f4xx_it.c:157:6:SVC_Handler	4	static
C:/Users/32361/Desktop/stm32/STM32CMake/Model_F4/Core/Src/stm32f4xx_it.c:170:6:DebugMon_Handler	4	static
C:/Users/32361/Desktop/stm32/STM32CMake/Model_F4/Core/Src/stm32f4xx_it.c:183:6:PendSV_Handler	4	static
C:/Users/32361/Desktop/stm32/STM32CMake/Model_F4/Core/Src/stm32f4xx_it.c:196:6:SysTick_Handler	8	static
C:/Users/32361/Desktop/stm32/STM32CMake/Model_F4/Core/Src/stm32f4xx_it.c:217:6:DMA1_Stream5_IRQHandler	8	static
C:/Users/32361/Desktop/stm32/STM32CMake/Model_F4/Core/Src/stm32f4xx_it.c:231:6:DMA1_Stream6_IRQHandler	8	static
C:/Users/32361/Desktop/stm32/STM32CMake/Model_F4/Core/Src/stm32f4xx_it.c:245:6:ADC_IRQHandler	8	static
C:/Users/32361/Desktop/stm32/STM32CMake/Model_F4/Core/Src/stm32f4xx_it.c:260:6:TIM2_IRQHandler	8	static
C:/Users/32361/Desktop/stm32/STM32CMake/Model_F4/Core/Src/stm32f4xx_it.c:274:6:TIM3_IRQHandler	8	static
C:/Users/32361/Desktop/stm32/STM32CMake/Model_F4/Core/Src/stm32f4xx_it.c:288:6:USART1_IRQHandler	8	static
C:/Users/32361/Desktop/stm32/STM32CMake/Model_F4/Core/Src/stm32f4xx_it.c:302:6:USART2_IRQHandler	8	static
C:/Users/32361/Desktop/stm32/STM32CMake/Model_F4/Core/Src/stm32f4xx_it.c:316:6:TIM6_DAC_IRQHandler	8	static
C:/Users/32361/Desktop/stm32/STM32CMake/Model_F4/Core/Src/stm32f4xx_it.c:330:6:DMA2_Stream0_IRQHandler	8	static
C:/Users/32361/Desktop/stm32/STM32CMake/Model_F4/Core/Src/stm32f4xx_it.c:344:6:DMA2_Stream2_IRQHandler	8	static
C:/Users/32361/Desktop/stm32/STM32CMake/Model_F4/Core/Src/stm32f4xx_it.c:358:6:DMA2_Stream5_IRQHandler	8	static
C:/Users/32361/Desktop/stm32/STM32CMake/Model_F4/Core/Src/stm32f4xx_it.c:372:6:DMA2_Stream7_IRQHandler	8	static
